Reusing configuration cache.
> Task :app:checkKotlinGradlePluginConfigurationErrors SKIPPED
> Task :app:preBuild UP-TO-DATE
> Task :shared:preBuild UP-TO-DATE
> Task :shared:checkKotlinGradlePluginConfigurationErrors SKIPPED
> Task :shared:preDebugBuild UP-TO-DATE
> Task :app:preDebugBuild UP-TO-DATE
> Task :shared:processDebugNavigationResources UP-TO-DATE
> Task :shared:writeDebugAarMetadata UP-TO-DATE
> Task :shared:generateDebugResValues UP-TO-DATE
> Task :app:generateDebugResValues UP-TO-DATE
> Task :app:generateDebugBuildConfig UP-TO-DATE
> Task :app:createDebugCompatibleScreenManifests UP-TO-DATE
> Task :shared:processDebugManifest UP-TO-DATE
> Task :app:processDebugNavigationResources UP-TO-DATE
> Task :app:checkDebugAarMetadata UP-TO-DATE
> Task :shared:javaPreCompileDebug UP-TO-DATE
> Task :app:generateDebugResources UP-TO-DATE
> Task :shared:extractDeepLinksDebug UP-TO-DATE
> Task :app:extractDeepLinksDebug UP-TO-DATE
> Task :shared:generateDebugResources UP-TO-DATE
> Task :app:compileDebugNavigationResources UP-TO-DATE
> Task :app:packageDebugResources UP-TO-DATE
> Task :shared:packageDebugResources UP-TO-DATE
> Task :app:parseDebugLocalResources UP-TO-DATE
> Task :shared:parseDebugLocalResources UP-TO-DATE
> Task :shared:compileDebugLibraryResources UP-TO-DATE
> Task :shared:generateDebugRFile UP-TO-DATE
> Task :app:mapDebugSourceSetPaths UP-TO-DATE
> Task :app:mergeDebugResources UP-TO-DATE
> Task :app:processDebugMainManifest UP-TO-DATE
> Task :shared:compileDebugKotlin UP-TO-DATE
> Task :app:processDebugManifest UP-TO-DATE
> Task :shared:compileDebugJavaWithJavac NO-SOURCE
> Task :app:processDebugManifestForPackage UP-TO-DATE
> Task :shared:bundleLibCompileToJarDebug UP-TO-DATE
> Task :app:processDebugResources UP-TO-DATE

> Task :app:kspDebugKotlin FAILED
e: [ksp] D:/CSE470 Project/PixelPlayer/app/src/main/java/com/theveloper/pixelplay/presentation/screens/SettingsCategoryScreen.kt: (1170, 18): Function declaration must have a name
e: Error occurred in KSP, check log for detail
e: file:///D:/CSE470%20Project/PixelPlayer/app/src/main/java/com/theveloper/pixelplay/presentation/screens/SettingsCategoryScreen.kt:725:55 Expecting an expression
e: file:///D:/CSE470%20Project/PixelPlayer/app/src/main/java/com/theveloper/pixelplay/presentation/screens/SettingsCategoryScreen.kt:725:56 Expecting ')'
e: file:///D:/CSE470%20Project/PixelPlayer/app/src/main/java/com/theveloper/pixelplay/presentation/screens/SettingsCategoryScreen.kt:725:57 Unexpected tokens (use ';' to separate expressions on the same line)
e: file:///D:/CSE470%20Project/PixelPlayer/app/src/main/java/com/theveloper/pixelplay/presentation/screens/SettingsCategoryScreen.kt:727:44 Expecting an expression
e: file:///D:/CSE470%20Project/PixelPlayer/app/src/main/java/com/theveloper/pixelplay/presentation/screens/SettingsCategoryScreen.kt:727:45 Expecting ')'
e: file:///D:/CSE470%20Project/PixelPlayer/app/src/main/java/com/theveloper/pixelplay/presentation/screens/SettingsCategoryScreen.kt:727:46 Unexpected tokens (use ';' to separate expressions on the same line)
e: file:///D:/CSE470%20Project/PixelPlayer/app/src/main/java/com/theveloper/pixelplay/presentation/screens/SettingsCategoryScreen.kt:728:48 Expecting an element
e: file:///D:/CSE470%20Project/PixelPlayer/app/src/main/java/com/theveloper/pixelplay/presentation/screens/SettingsCategoryScreen.kt:728:49 Unexpected tokens (use ';' to separate expressions on the same line)
e: file:///D:/CSE470%20Project/PixelPlayer/app/src/main/java/com/theveloper/pixelplay/presentation/screens/SettingsCategoryScreen.kt:729:79 Unexpected tokens (use ';' to separate expressions on the same line)
e: file:///D:/CSE470%20Project/PixelPlayer/app/src/main/java/com/theveloper/pixelplay/presentation/screens/SettingsCategoryScreen.kt:730:108 Unexpected tokens (use ';' to separate expressions on the same line)
e: file:///D:/CSE470%20Project/PixelPlayer/app/src/main/java/com/theveloper/pixelplay/presentation/screens/SettingsCategoryScreen.kt:732:33 Expecting an element
e: file:///D:/CSE470%20Project/PixelPlayer/app/src/main/java/com/theveloper/pixelplay/presentation/screens/SettingsCategoryScreen.kt:735:55 Expecting an expression
e: file:///D:/CSE470%20Project/PixelPlayer/app/src/main/java/com/theveloper/pixelplay/presentation/screens/SettingsCategoryScreen.kt:735:56 Expecting ')'
e: file:///D:/CSE470%20Project/PixelPlayer/app/src/main/java/com/theveloper/pixelplay/presentation/screens/SettingsCategoryScreen.kt:735:57 Expecting '->'
e: file:///D:/CSE470%20Project/PixelPlayer/app/src/main/java/com/theveloper/pixelplay/presentation/screens/SettingsCategoryScreen.kt:735:58 Expecting an expression
e: file:///D:/CSE470%20Project/PixelPlayer/app/src/main/java/com/theveloper/pixelplay/presentation/screens/SettingsCategoryScreen.kt:735:58 Expecting '->'
e: file:///D:/CSE470%20Project/PixelPlayer/app/src/main/java/com/theveloper/pixelplay/presentation/screens/SettingsCategoryScreen.kt:735:67 Expecting an expression
e: file:///D:/CSE470%20Project/PixelPlayer/app/src/main/java/com/theveloper/pixelplay/presentation/screens/SettingsCategoryScreen.kt:735:67 Expecting '->'
e: file:///D:/CSE470%20Project/PixelPlayer/app/src/main/java/com/theveloper/pixelplay/presentation/screens/SettingsCategoryScreen.kt:735:69 Expecting an expression
e: file:///D:/CSE470%20Project/PixelPlayer/app/src/main/java/com/theveloper/pixelplay/presentation/screens/SettingsCategoryScreen.kt:735:69 Expecting '->'
e: file:///D:/CSE470%20Project/PixelPlayer/app/src/main/java/com/theveloper/pixelplay/presentation/screens/SettingsCategoryScreen.kt:735:72 Expecting an expression
e: file:///D:/CSE470%20Project/PixelPlayer/app/src/main/java/com/theveloper/pixelplay/presentation/screens/SettingsCategoryScreen.kt:735:72 Expecting '->'
e: file:///D:/CSE470%20Project/PixelPlayer/app/src/main/java/com/theveloper/pixelplay/presentation/screens/SettingsCategoryScreen.kt:736:33 Expecting an expression
e: file:///D:/CSE470%20Project/PixelPlayer/app/src/main/java/com/theveloper/pixelplay/presentation/screens/SettingsCategoryScreen.kt:736:33 Expecting '->'
e: file:///D:/CSE470%20Project/PixelPlayer/app/src/main/java/com/theveloper/pixelplay/presentation/screens/SettingsCategoryScreen.kt:737:33 Expecting an expression
e: file:///D:/CSE470%20Project/PixelPlayer/app/src/main/java/com/theveloper/pixelplay/presentation/screens/SettingsCategoryScreen.kt:737:33 Expecting '->'
e: file:///D:/CSE470%20Project/PixelPlayer/app/src/main/java/com/theveloper/pixelplay/presentation/screens/SettingsCategoryScreen.kt:748:44 Expecting an expression
e: file:///D:/CSE470%20Project/PixelPlayer/app/src/main/java/com/theveloper/pixelplay/presentation/screens/SettingsCategoryScreen.kt:748:45 Expecting ')'
e: file:///D:/CSE470%20Project/PixelPlayer/app/src/main/java/com/theveloper/pixelplay/presentation/screens/SettingsCategoryScreen.kt:748:46 Expecting '->'
e: file:///D:/CSE470%20Project/PixelPlayer/app/src/main/java/com/theveloper/pixelplay/presentation/screens/SettingsCategoryScreen.kt:748:47 Expecting an expression
e: file:///D:/CSE470%20Project/PixelPlayer/app/src/main/java/com/theveloper/pixelplay/presentation/screens/SettingsCategoryScreen.kt:748:47 Expecting '->'
e: file:///D:/CSE470%20Project/PixelPlayer/app/src/main/java/com/theveloper/pixelplay/presentation/screens/SettingsCategoryScreen.kt:748:59 Expecting an expression
e: file:///D:/CSE470%20Project/PixelPlayer/app/src/main/java/com/theveloper/pixelplay/presentation/screens/SettingsCategoryScreen.kt:748:59 Expecting '->'
e: file:///D:/CSE470%20Project/PixelPlayer/app/src/main/java/com/theveloper/pixelplay/presentation/screens/SettingsCategoryScreen.kt:748:61 Expecting an expression
e: file:///D:/CSE470%20Project/PixelPlayer/app/src/main/java/com/theveloper/pixelplay/presentation/screens/SettingsCategoryScreen.kt:748:61 Expecting '->'
e: file:///D:/CSE470%20Project/PixelPlayer/app/src/main/java/com/theveloper/pixelplay/presentation/screens/SettingsCategoryScreen.kt:748:62 Expecting an expression
e: file:///D:/CSE470%20Project/PixelPlayer/app/src/main/java/com/theveloper/pixelplay/presentation/screens/SettingsCategoryScreen.kt:748:62 Expecting '->'
e: file:///D:/CSE470%20Project/PixelPlayer/app/src/main/java/com/theveloper/pixelplay/presentation/screens/SettingsCategoryScreen.kt:749:59 Expecting a when-condition
e: file:///D:/CSE470%20Project/PixelPlayer/app/src/main/java/com/theveloper/pixelplay/presentation/screens/SettingsCategoryScreen.kt:762:33 Expecting '->'
e: file:///D:/CSE470%20Project/PixelPlayer/app/src/main/java/com/theveloper/pixelplay/presentation/screens/SettingsCategoryScreen.kt:787:55 Expecting an expression
e: file:///D:/CSE470%20Project/PixelPlayer/app/src/main/java/com/theveloper/pixelplay/presentation/screens/SettingsCategoryScreen.kt:787:56 Expecting ')'
e: file:///D:/CSE470%20Project/PixelPlayer/app/src/main/java/com/theveloper/pixelplay/presentation/screens/SettingsCategoryScreen.kt:787:57 Unexpected tokens (use ';' to separate expressions on the same line)
e: file:///D:/CSE470%20Project/PixelPlayer/app/src/main/java/com/theveloper/pixelplay/presentation/screens/SettingsCategoryScreen.kt:788:91 Unexpected tokens (use ';' to separate expressions on the same line)
e: file:///D:/CSE470%20Project/PixelPlayer/app/src/main/java/com/theveloper/pixelplay/presentation/screens/SettingsCategoryScreen.kt:790:45 Expecting an element
e: file:///D:/CSE470%20Project/PixelPlayer/app/src/main/java/com/theveloper/pixelplay/presentation/screens/SettingsCategoryScreen.kt:814:55 Expecting an expression
e: file:///D:/CSE470%20Project/PixelPlayer/app/src/main/java/com/theveloper/pixelplay/presentation/screens/SettingsCategoryScreen.kt:814:56 Expecting ')'
e: file:///D:/CSE470%20Project/PixelPlayer/app/src/main/java/com/theveloper/pixelplay/presentation/screens/SettingsCategoryScreen.kt:814:57 Unexpected tokens (use ';' to separate expressions on the same line)
e: file:///D:/CSE470%20Project/PixelPlayer/app/src/main/java/com/theveloper/pixelplay/presentation/screens/SettingsCategoryScreen.kt:815:91 Unexpected tokens (use ';' to separate expressions on the same line)
e: file:///D:/CSE470%20Project/PixelPlayer/app/src/main/java/com/theveloper/pixelplay/presentation/screens/SettingsCategoryScreen.kt:817:45 Expecting an element
e: file:///D:/CSE470%20Project/PixelPlayer/app/src/main/java/com/theveloper/pixelplay/presentation/screens/SettingsCategoryScreen.kt:820:34 Expecting '->'
e: file:///D:/CSE470%20Project/PixelPlayer/app/src/main/java/com/theveloper/pixelplay/presentation/screens/SettingsCategoryScreen.kt:823:55 Expecting an expression
e: file:///D:/CSE470%20Project/PixelPlayer/app/src/main/java/com/theveloper/pixelplay/presentation/screens/SettingsCategoryScreen.kt:823:56 Expecting ')'
e: file:///D:/CSE470%20Project/PixelPlayer/app/src/main/java/com/theveloper/pixelplay/presentation/screens/SettingsCategoryScreen.kt:823:57 Unexpected tokens (use ';' to separate expressions on the same line)
e: file:///D:/CSE470%20Project/PixelPlayer/app/src/main/java/com/theveloper/pixelplay/presentation/screens/SettingsCategoryScreen.kt:859:51 Unexpected tokens (use ';' to separate expressions on the same line)
e: file:///D:/CSE470%20Project/PixelPlayer/app/src/main/java/com/theveloper/pixelplay/presentation/screens/SettingsCategoryScreen.kt:901:57 Unexpected tokens (use ';' to separate expressions on the same line)
e: file:///D:/CSE470%20Project/PixelPlayer/app/src/main/java/com/theveloper/pixelplay/presentation/screens/SettingsCategoryScreen.kt:1039:57 Unexpected tokens (use ';' to separate expressions on the same line)
e: file:///D:/CSE470%20Project/PixelPlayer/app/src/main/java/com/theveloper/pixelplay/presentation/screens/SettingsCategoryScreen.kt:1084:52 Unexpected tokens (use ';' to separate expressions on the same line)
e: file:///D:/CSE470%20Project/PixelPlayer/app/src/main/java/com/theveloper/pixelplay/presentation/screens/SettingsCategoryScreen.kt:1144:48 Unexpected tokens (use ';' to separate expressions on the same line)
e: file:///D:/CSE470%20Project/PixelPlayer/app/src/main/java/com/theveloper/pixelplay/presentation/screens/SettingsCategoryScreen.kt:1158:52 Unexpected tokens (use ';' to separate expressions on the same line)
e: file:///D:/CSE470%20Project/PixelPlayer/app/src/main/java/com/theveloper/pixelplay/presentation/screens/SettingsCategoryScreen.kt:1162:62 Unexpected tokens (use ';' to separate expressions on the same line)
e: file:///D:/CSE470%20Project/PixelPlayer/app/src/main/java/com/theveloper/pixelplay/presentation/screens/SettingsCategoryScreen.kt:1170:13 Expecting a top level declaration
e: file:///D:/CSE470%20Project/PixelPlayer/app/src/main/java/com/theveloper/pixelplay/presentation/screens/SettingsCategoryScreen.kt:1170:18 Expecting a top level declaration
e: file:///D:/CSE470%20Project/PixelPlayer/app/src/main/java/com/theveloper/pixelplay/presentation/screens/SettingsCategoryScreen.kt:1174:9 Expecting a top level declaration
e: file:///D:/CSE470%20Project/PixelPlayer/app/src/main/java/com/theveloper/pixelplay/presentation/screens/SettingsCategoryScreen.kt:1176:9 Expecting a top level declaration
e: file:///D:/CSE470%20Project/PixelPlayer/app/src/main/java/com/theveloper/pixelplay/presentation/screens/SettingsCategoryScreen.kt:1176:32 Expecting a top level declaration
e: file:///D:/CSE470%20Project/PixelPlayer/app/src/main/java/com/theveloper/pixelplay/presentation/screens/SettingsCategoryScreen.kt:1177:13 Expecting a top level declaration
e: file:///D:/CSE470%20Project/PixelPlayer/app/src/main/java/com/theveloper/pixelplay/presentation/screens/SettingsCategoryScreen.kt:1177:30 Expecting a top level declaration
e: file:///D:/CSE470%20Project/PixelPlayer/app/src/main/java/com/theveloper/pixelplay/presentation/screens/SettingsCategoryScreen.kt:1177:32 Expecting a top level declaration
e: file:///D:/CSE470%20Project/PixelPlayer/app/src/main/java/com/theveloper/pixelplay/presentation/screens/SettingsCategoryScreen.kt:1177:48 Expecting a top level declaration
e: file:///D:/CSE470%20Project/PixelPlayer/app/src/main/java/com/theveloper/pixelplay/presentation/screens/SettingsCategoryScreen.kt:1178:13 Expecting a top level declaration
e: file:///D:/CSE470%20Project/PixelPlayer/app/src/main/java/com/theveloper/pixelplay/presentation/screens/SettingsCategoryScreen.kt:1178:26 Expecting a top level declaration
e: file:///D:/CSE470%20Project/PixelPlayer/app/src/main/java/com/theveloper/pixelplay/presentation/screens/SettingsCategoryScreen.kt:1178:28 Expecting a top level declaration
e: file:///D:/CSE470%20Project/PixelPlayer/app/src/main/java/com/theveloper/pixelplay/presentation/screens/SettingsCategoryScreen.kt:1178:49 Expecting a top level declaration
e: file:///D:/CSE470%20Project/PixelPlayer/app/src/main/java/com/theveloper/pixelplay/presentation/screens/SettingsCategoryScreen.kt:1179:13 Expecting a top level declaration
e: file:///D:/CSE470%20Project/PixelPlayer/app/src/main/java/com/theveloper/pixelplay/presentation/screens/SettingsCategoryScreen.kt:1179:25 Expecting a top level declaration
e: file:///D:/CSE470%20Project/PixelPlayer/app/src/main/java/com/theveloper/pixelplay/presentation/screens/SettingsCategoryScreen.kt:1179:27 Expecting a top level declaration
e: file:///D:/CSE470%20Project/PixelPlayer/app/src/main/java/com/theveloper/pixelplay/presentation/screens/SettingsCategoryScreen.kt:1179:38 Expecting a top level declaration
e: file:///D:/CSE470%20Project/PixelPlayer/app/src/main/java/com/theveloper/pixelplay/presentation/screens/SettingsCategoryScreen.kt:1180:13 Expecting a top level declaration
e: file:///D:/CSE470%20Project/PixelPlayer/app/src/main/java/com/theveloper/pixelplay/presentation/screens/SettingsCategoryScreen.kt:1180:19 Expecting a top level declaration
e: file:///D:/CSE470%20Project/PixelPlayer/app/src/main/java/com/theveloper/pixelplay/presentation/screens/SettingsCategoryScreen.kt:1180:21 Expecting a top level declaration
e: file:///D:/CSE470%20Project/PixelPlayer/app/src/main/java/com/theveloper/pixelplay/presentation/screens/SettingsCategoryScreen.kt:1180:29 Expecting a top level declaration
e: file:///D:/CSE470%20Project/PixelPlayer/app/src/main/java/com/theveloper/pixelplay/presentation/screens/SettingsCategoryScreen.kt:1180:30 Expecting a top level declaration
e: file:///D:/CSE470%20Project/PixelPlayer/app/src/main/java/com/theveloper/pixelplay/presentation/screens/SettingsCategoryScreen.kt:1180:35 Expecting a top level declaration
e: file:///D:/CSE470%20Project/PixelPlayer/app/src/main/java/com/theveloper/pixelplay/presentation/screens/SettingsCategoryScreen.kt:1181:13 Expecting a top level declaration
e: file:///D:/CSE470%20Project/PixelPlayer/app/src/main/java/com/theveloper/pixelplay/presentation/screens/SettingsCategoryScreen.kt:1181:22 Expecting a top level declaration
e: file:///D:/CSE470%20Project/PixelPlayer/app/src/main/java/com/theveloper/pixelplay/presentation/screens/SettingsCategoryScreen.kt:1181:24 Expecting a top level declaration
e: file:///D:/CSE470%20Project/PixelPlayer/app/src/main/java/com/theveloper/pixelplay/presentation/screens/SettingsCategoryScreen.kt:1182:9 Expecting a top level declaration
e: file:///D:/CSE470%20Project/PixelPlayer/app/src/main/java/com/theveloper/pixelplay/presentation/screens/SettingsCategoryScreen.kt:1186:9 Expecting a top level declaration
e: file:///D:/CSE470%20Project/PixelPlayer/app/src/main/java/com/theveloper/pixelplay/presentation/screens/SettingsCategoryScreen.kt:1186:23 Expecting a top level declaration
e: file:///D:/CSE470%20Project/PixelPlayer/app/src/main/java/com/theveloper/pixelplay/presentation/screens/SettingsCategoryScreen.kt:1186:24 Expecting a top level declaration
e: file:///D:/CSE470%20Project/PixelPlayer/app/src/main/java/com/theveloper/pixelplay/presentation/screens/SettingsCategoryScreen.kt:1186:28 Expecting a top level declaration
e: file:///D:/CSE470%20Project/PixelPlayer/app/src/main/java/com/theveloper/pixelplay/presentation/screens/SettingsCategoryScreen.kt:1186:30 Expecting a top level declaration
e: file:///D:/CSE470%20Project/PixelPlayer/app/src/main/java/com/theveloper/pixelplay/presentation/screens/SettingsCategoryScreen.kt:1191:9 Expecting a top level declaration
e: file:///D:/CSE470%20Project/PixelPlayer/app/src/main/java/com/theveloper/pixelplay/presentation/screens/SettingsCategoryScreen.kt:1191:12 Expecting a top level declaration
e: file:///D:/CSE470%20Project/PixelPlayer/app/src/main/java/com/theveloper/pixelplay/presentation/screens/SettingsCategoryScreen.kt:1191:13 Expecting a top level declaration
e: file:///D:/CSE470%20Project/PixelPlayer/app/src/main/java/com/theveloper/pixelplay/presentation/screens/SettingsCategoryScreen.kt:1191:28 Expecting a top level declaration
e: file:///D:/CSE470%20Project/PixelPlayer/app/src/main/java/com/theveloper/pixelplay/presentation/screens/SettingsCategoryScreen.kt:1191:30 Expecting a top level declaration
e: file:///D:/CSE470%20Project/PixelPlayer/app/src/main/java/com/theveloper/pixelplay/presentation/screens/SettingsCategoryScreen.kt:1203:5 Expecting a top level declaration
e: file:///D:/CSE470%20Project/PixelPlayer/app/src/main/java/com/theveloper/pixelplay/presentation/screens/SettingsCategoryScreen.kt:1205:5 Expecting a top level declaration
e: file:///D:/CSE470%20Project/PixelPlayer/app/src/main/java/com/theveloper/pixelplay/presentation/screens/SettingsCategoryScreen.kt:1205:37 Expecting a top level declaration
e: file:///D:/CSE470%20Project/PixelPlayer/app/src/main/java/com/theveloper/pixelplay/presentation/screens/SettingsCategoryScreen.kt:1205:38 Expecting a top level declaration
e: file:///D:/CSE470%20Project/PixelPlayer/app/src/main/java/com/theveloper/pixelplay/presentation/screens/SettingsCategoryScreen.kt:1205:47 Expecting a top level declaration
e: file:///D:/CSE470%20Project/PixelPlayer/app/src/main/java/com/theveloper/pixelplay/presentation/screens/SettingsCategoryScreen.kt:1205:49 Expecting a top level declaration
e: file:///D:/CSE470%20Project/PixelPlayer/app/src/main/java/com/theveloper/pixelplay/presentation/screens/SettingsCategoryScreen.kt:1205:69 Expecting a top level declaration
e: file:///D:/CSE470%20Project/PixelPlayer/app/src/main/java/com/theveloper/pixelplay/presentation/screens/SettingsCategoryScreen.kt:1208:5 Expecting a top level declaration
e: file:///D:/CSE470%20Project/PixelPlayer/app/src/main/java/com/theveloper/pixelplay/presentation/screens/SettingsCategoryScreen.kt:1208:23 Expecting a top level declaration
e: file:///D:/CSE470%20Project/PixelPlayer/app/src/main/java/com/theveloper/pixelplay/presentation/screens/SettingsCategoryScreen.kt:1209:9 Expecting a top level declaration
e: file:///D:/CSE470%20Project/PixelPlayer/app/src/main/java/com/theveloper/pixelplay/presentation/screens/SettingsCategoryScreen.kt:1209:17 Expecting a top level declaration
e: file:///D:/CSE470%20Project/PixelPlayer/app/src/main/java/com/theveloper/pixelplay/presentation/screens/SettingsCategoryScreen.kt:1209:19 Expecting a top level declaration
e: file:///D:/CSE470%20Project/PixelPlayer/app/src/main/java/com/theveloper/pixelplay/presentation/screens/SettingsCategoryScreen.kt:1209:36 Expecting a top level declaration
e: file:///D:/CSE470%20Project/PixelPlayer/app/src/main/java/com/theveloper/pixelplay/presentation/screens/SettingsCategoryScreen.kt:1210:9 Expecting a top level declaration
e: file:///D:/CSE470%20Project/PixelPlayer/app/src/main/java/com/theveloper/pixelplay/presentation/screens/SettingsCategoryScreen.kt:1210:21 Expecting a top level declaration
e: file:///D:/CSE470%20Project/PixelPlayer/app/src/main/java/com/theveloper/pixelplay/presentation/screens/SettingsCategoryScreen.kt:1210:23 Expecting a top level declaration
e: file:///D:/CSE470%20Project/PixelPlayer/app/src/main/java/com/theveloper/pixelplay/presentation/screens/SettingsCategoryScreen.kt:1210:34 Expecting a top level declaration
e: file:///D:/CSE470%20Project/PixelPlayer/app/src/main/java/com/theveloper/pixelplay/presentation/screens/SettingsCategoryScreen.kt:1211:9 Expecting a top level declaration
e: file:///D:/CSE470%20Project/PixelPlayer/app/src/main/java/com/theveloper/pixelplay/presentation/screens/SettingsCategoryScreen.kt:1211:27 Expecting a top level declaration
e: file:///D:/CSE470%20Project/PixelPlayer/app/src/main/java/com/theveloper/pixelplay/presentation/screens/SettingsCategoryScreen.kt:1211:29 Expecting a top level declaration
e: file:///D:/CSE470%20Project/PixelPlayer/app/src/main/java/com/theveloper/pixelplay/presentation/screens/SettingsCategoryScreen.kt:1211:46 Expecting a top level declaration
e: file:///D:/CSE470%20Project/PixelPlayer/app/src/main/java/com/theveloper/pixelplay/presentation/screens/SettingsCategoryScreen.kt:1212:9 Expecting a top level declaration
e: file:///D:/CSE470%20Project/PixelPlayer/app/src/main/java/com/theveloper/pixelplay/presentation/screens/SettingsCategoryScreen.kt:1212:27 Expecting a top level declaration
e: file:///D:/CSE470%20Project/PixelPlayer/app/src/main/java/com/theveloper/pixelplay/presentation/screens/SettingsCategoryScreen.kt:1212:29 Expecting a top level declaration
e: file:///D:/CSE470%20Project/PixelPlayer/app/src/main/java/com/theveloper/pixelplay/presentation/screens/SettingsCategoryScreen.kt:1212:46 Expecting a top level declaration
e: file:///D:/CSE470%20Project/PixelPlayer/app/src/main/java/com/theveloper/pixelplay/presentation/screens/SettingsCategoryScreen.kt:1213:9 Expecting a top level declaration
e: file:///D:/CSE470%20Project/PixelPlayer/app/src/main/java/com/theveloper/pixelplay/presentation/screens/SettingsCategoryScreen.kt:1213:30 Expecting a top level declaration
e: file:///D:/CSE470%20Project/PixelPlayer/app/src/main/java/com/theveloper/pixelplay/presentation/screens/SettingsCategoryScreen.kt:1213:32 Expecting a top level declaration
e: file:///D:/CSE470%20Project/PixelPlayer/app/src/main/java/com/theveloper/pixelplay/presentation/screens/SettingsCategoryScreen.kt:1213:52 Expecting a top level declaration
e: file:///D:/CSE470%20Project/PixelPlayer/app/src/main/java/com/theveloper/pixelplay/presentation/screens/SettingsCategoryScreen.kt:1214:9 Expecting a top level declaration
e: file:///D:/CSE470%20Project/PixelPlayer/app/src/main/java/com/theveloper/pixelplay/presentation/screens/SettingsCategoryScreen.kt:1214:19 Expecting a top level declaration
e: file:///D:/CSE470%20Project/PixelPlayer/app/src/main/java/com/theveloper/pixelplay/presentation/screens/SettingsCategoryScreen.kt:1214:21 Expecting a top level declaration
e: file:///D:/CSE470%20Project/PixelPlayer/app/src/main/java/com/theveloper/pixelplay/presentation/screens/SettingsCategoryScreen.kt:1214:41 Expecting a top level declaration
e: file:///D:/CSE470%20Project/PixelPlayer/app/src/main/java/com/theveloper/pixelplay/presentation/screens/SettingsCategoryScreen.kt:1215:9 Expecting a top level declaration
e: file:///D:/CSE470%20Project/PixelPlayer/app/src/main/java/com/theveloper/pixelplay/presentation/screens/SettingsCategoryScreen.kt:1215:18 Expecting a top level declaration
e: file:///D:/CSE470%20Project/PixelPlayer/app/src/main/java/com/theveloper/pixelplay/presentation/screens/SettingsCategoryScreen.kt:1215:20 Expecting a top level declaration
e: file:///D:/CSE470%20Project/PixelPlayer/app/src/main/java/com/theveloper/pixelplay/presentation/screens/SettingsCategoryScreen.kt:1215:37 Expecting a top level declaration
e: file:///D:/CSE470%20Project/PixelPlayer/app/src/main/java/com/theveloper/pixelplay/presentation/screens/SettingsCategoryScreen.kt:1215:38 Expecting a top level declaration
e: file:///D:/CSE470%20Project/PixelPlayer/app/src/main/java/com/theveloper/pixelplay/presentation/screens/SettingsCategoryScreen.kt:1215:46 Expecting a top level declaration
e: file:///D:/CSE470%20Project/PixelPlayer/app/src/main/java/com/theveloper/pixelplay/presentation/screens/SettingsCategoryScreen.kt:1215:47 Expecting a top level declaration
e: file:///D:/CSE470%20Project/PixelPlayer/app/src/main/java/com/theveloper/pixelplay/presentation/screens/SettingsCategoryScreen.kt:1215:48 Expecting a top level declaration
e: file:///D:/CSE470%20Project/PixelPlayer/app/src/main/java/com/theveloper/pixelplay/presentation/screens/SettingsCategoryScreen.kt:1216:9 Expecting a top level declaration
e: file:///D:/CSE470%20Project/PixelPlayer/app/src/main/java/com/theveloper/pixelplay/presentation/screens/SettingsCategoryScreen.kt:1216:23 Expecting a top level declaration
e: file:///D:/CSE470%20Project/PixelPlayer/app/src/main/java/com/theveloper/pixelplay/presentation/screens/SettingsCategoryScreen.kt:1216:25 Expecting a top level declaration
e: file:///D:/CSE470%20Project/PixelPlayer/app/src/main/java/com/theveloper/pixelplay/presentation/screens/SettingsCategoryScreen.kt:1216:37 Expecting a top level declaration
e: file:///D:/CSE470%20Project/PixelPlayer/app/src/main/java/com/theveloper/pixelplay/presentation/screens/SettingsCategoryScreen.kt:1217:9 Expecting a top level declaration
e: file:///D:/CSE470%20Project/PixelPlayer/app/src/main/java/com/theveloper/pixelplay/presentation/screens/SettingsCategoryScreen.kt:1217:22 Expecting a top level declaration
e: file:///D:/CSE470%20Project/PixelPlayer/app/src/main/java/com/theveloper/pixelplay/presentation/screens/SettingsCategoryScreen.kt:1217:24 Expecting a top level declaration
e: file:///D:/CSE470%20Project/PixelPlayer/app/src/main/java/com/theveloper/pixelplay/presentation/screens/SettingsCategoryScreen.kt:1217:41 Expecting a top level declaration
e: file:///D:/CSE470%20Project/PixelPlayer/app/src/main/java/com/theveloper/pixelplay/presentation/screens/SettingsCategoryScreen.kt:1217:43 Expecting a top level declaration
e: file:///D:/CSE470%20Project/PixelPlayer/app/src/main/java/com/theveloper/pixelplay/presentation/screens/SettingsCategoryScreen.kt:1217:56 Expecting a top level declaration
e: file:///D:/CSE470%20Project/PixelPlayer/app/src/main/java/com/theveloper/pixelplay/presentation/screens/SettingsCategoryScreen.kt:1218:9 Expecting a top level declaration
e: file:///D:/CSE470%20Project/PixelPlayer/app/src/main/java/com/theveloper/pixelplay/presentation/screens/SettingsCategoryScreen.kt:1218:22 Expecting a top level declaration
e: file:///D:/CSE470%20Project/PixelPlayer/app/src/main/java/com/theveloper/pixelplay/presentation/screens/SettingsCategoryScreen.kt:1218:24 Expecting a top level declaration
e: file:///D:/CSE470%20Project/PixelPlayer/app/src/main/java/com/theveloper/pixelplay/presentation/screens/SettingsCategoryScreen.kt:1218:41 Expecting a top level declaration
e: file:///D:/CSE470%20Project/PixelPlayer/app/src/main/java/com/theveloper/pixelplay/presentation/screens/SettingsCategoryScreen.kt:1218:43 Expecting a top level declaration
e: file:///D:/CSE470%20Project/PixelPlayer/app/src/main/java/com/theveloper/pixelplay/presentation/screens/SettingsCategoryScreen.kt:1218:53 Expecting a top level declaration
e: file:///D:/CSE470%20Project/PixelPlayer/app/src/main/java/com/theveloper/pixelplay/presentation/screens/SettingsCategoryScreen.kt:1219:9 Expecting a top level declaration
e: file:///D:/CSE470%20Project/PixelPlayer/app/src/main/java/com/theveloper/pixelplay/presentation/screens/SettingsCategoryScreen.kt:1219:24 Expecting a top level declaration
e: file:///D:/CSE470%20Project/PixelPlayer/app/src/main/java/com/theveloper/pixelplay/presentation/screens/SettingsCategoryScreen.kt:1219:26 Expecting a top level declaration
e: file:///D:/CSE470%20Project/PixelPlayer/app/src/main/java/com/theveloper/pixelplay/presentation/screens/SettingsCategoryScreen.kt:1219:75 Expecting a top level declaration
e: file:///D:/CSE470%20Project/PixelPlayer/app/src/main/java/com/theveloper/pixelplay/presentation/screens/SettingsCategoryScreen.kt:1220:9 Expecting a top level declaration
e: file:///D:/CSE470%20Project/PixelPlayer/app/src/main/java/com/theveloper/pixelplay/presentation/screens/SettingsCategoryScreen.kt:1220:25 Expecting a top level declaration
e: file:///D:/CSE470%20Project/PixelPlayer/app/src/main/java/com/theveloper/pixelplay/presentation/screens/SettingsCategoryScreen.kt:1220:27 Expecting a top level declaration
e: file:///D:/CSE470%20Project/PixelPlayer/app/src/main/java/com/theveloper/pixelplay/presentation/screens/SettingsCategoryScreen.kt:1220:44 Expecting a top level declaration
e: file:///D:/CSE470%20Project/PixelPlayer/app/src/main/java/com/theveloper/pixelplay/presentation/screens/SettingsCategoryScreen.kt:1220:46 Expecting a top level declaration
e: file:///D:/CSE470%20Project/PixelPlayer/app/src/main/java/com/theveloper/pixelplay/presentation/screens/SettingsCategoryScreen.kt:1220:68 Expecting a top level declaration
e: file:///D:/CSE470%20Project/PixelPlayer/app/src/main/java/com/theveloper/pixelplay/presentation/screens/SettingsCategoryScreen.kt:1221:9 Expecting a top level declaration
e: file:///D:/CSE470%20Project/PixelPlayer/app/src/main/java/com/theveloper/pixelplay/presentation/screens/SettingsCategoryScreen.kt:1221:19 Expecting a top level declaration
e: file:///D:/CSE470%20Project/PixelPlayer/app/src/main/java/com/theveloper/pixelplay/presentation/screens/SettingsCategoryScreen.kt:1221:21 Expecting a top level declaration
e: file:///D:/CSE470%20Project/PixelPlayer/app/src/main/java/com/theveloper/pixelplay/presentation/screens/SettingsCategoryScreen.kt:1221:38 Expecting a top level declaration
e: file:///D:/CSE470%20Project/PixelPlayer/app/src/main/java/com/theveloper/pixelplay/presentation/screens/SettingsCategoryScreen.kt:1221:40 Expecting a top level declaration
e: file:///D:/CSE470%20Project/PixelPlayer/app/src/main/java/com/theveloper/pixelplay/presentation/screens/SettingsCategoryScreen.kt:1221:55 Expecting a top level declaration
e: file:///D:/CSE470%20Project/PixelPlayer/app/src/main/java/com/theveloper/pixelplay/presentation/screens/SettingsCategoryScreen.kt:1222:9 Expecting a top level declaration
e: file:///D:/CSE470%20Project/PixelPlayer/app/src/main/java/com/theveloper/pixelplay/presentation/screens/SettingsCategoryScreen.kt:1222:27 Expecting a top level declaration
e: file:///D:/CSE470%20Project/PixelPlayer/app/src/main/java/com/theveloper/pixelplay/presentation/screens/SettingsCategoryScreen.kt:1222:29 Expecting a top level declaration
e: file:///D:/CSE470%20Project/PixelPlayer/app/src/main/java/com/theveloper/pixelplay/presentation/screens/SettingsCategoryScreen.kt:1222:46 Expecting a top level declaration
e: file:///D:/CSE470%20Project/PixelPlayer/app/src/main/java/com/theveloper/pixelplay/presentation/screens/SettingsCategoryScreen.kt:1222:48 Expecting a top level declaration
e: file:///D:/CSE470%20Project/PixelPlayer/app/src/main/java/com/theveloper/pixelplay/presentation/screens/SettingsCategoryScreen.kt:1222:61 Expecting a top level declaration
e: file:///D:/CSE470%20Project/PixelPlayer/app/src/main/java/com/theveloper/pixelplay/presentation/screens/SettingsCategoryScreen.kt:1223:9 Expecting a top level declaration
e: file:///D:/CSE470%20Project/PixelPlayer/app/src/main/java/com/theveloper/pixelplay/presentation/screens/SettingsCategoryScreen.kt:1223:16 Expecting a top level declaration
e: file:///D:/CSE470%20Project/PixelPlayer/app/src/main/java/com/theveloper/pixelplay/presentation/screens/SettingsCategoryScreen.kt:1223:18 Expecting a top level declaration
e: file:///D:/CSE470%20Project/PixelPlayer/app/src/main/java/com/theveloper/pixelplay/presentation/screens/SettingsCategoryScreen.kt:1226:10 Expecting a top level declaration
e: file:///D:/CSE470%20Project/PixelPlayer/app/src/main/java/com/theveloper/pixelplay/presentation/screens/SettingsCategoryScreen.kt:1227:9 Expecting a top level declaration
e: file:///D:/CSE470%20Project/PixelPlayer/app/src/main/java/com/theveloper/pixelplay/presentation/screens/SettingsCategoryScreen.kt:1227:19 Expecting a top level declaration
e: file:///D:/CSE470%20Project/PixelPlayer/app/src/main/java/com/theveloper/pixelplay/presentation/screens/SettingsCategoryScreen.kt:1227:21 Expecting a top level declaration
e: file:///D:/CSE470%20Project/PixelPlayer/app/src/main/java/com/theveloper/pixelplay/presentation/screens/SettingsCategoryScreen.kt:1231:5 Expecting a top level declaration
e: file:///D:/CSE470%20Project/PixelPlayer/app/src/main/java/com/theveloper/pixelplay/presentation/screens/SettingsCategoryScreen.kt:1233:5 Expecting a top level declaration
e: file:///D:/CSE470%20Project/PixelPlayer/app/src/main/java/com/theveloper/pixelplay/presentation/screens/SettingsCategoryScreen.kt:1233:8 Expecting a top level declaration
e: file:///D:/CSE470%20Project/PixelPlayer/app/src/main/java/com/theveloper/pixelplay/presentation/screens/SettingsCategoryScreen.kt:1233:9 Expecting a top level declaration
e: file:///D:/CSE470%20Project/PixelPlayer/app/src/main/java/com/theveloper/pixelplay/presentation/screens/SettingsCategoryScreen.kt:1233:35 Expecting a top level declaration
e: file:///D:/CSE470%20Project/PixelPlayer/app/src/main/java/com/theveloper/pixelplay/presentation/screens/SettingsCategoryScreen.kt:1233:37 Expecting a top level declaration
e: file:///D:/CSE470%20Project/PixelPlayer/app/src/main/java/com/theveloper/pixelplay/presentation/screens/SettingsCategoryScreen.kt:1277:5 Expecting a top level declaration
e: file:///D:/CSE470%20Project/PixelPlayer/app/src/main/java/com/theveloper/pixelplay/presentation/screens/SettingsCategoryScreen.kt:1277:8 Expecting a top level declaration
e: file:///D:/CSE470%20Project/PixelPlayer/app/src/main/java/com/theveloper/pixelplay/presentation/screens/SettingsCategoryScreen.kt:1277:9 Expecting a top level declaration
e: file:///D:/CSE470%20Project/PixelPlayer/app/src/main/java/com/theveloper/pixelplay/presentation/screens/SettingsCategoryScreen.kt:1277:30 Expecting a top level declaration
e: file:///D:/CSE470%20Project/PixelPlayer/app/src/main/java/com/theveloper/pixelplay/presentation/screens/SettingsCategoryScreen.kt:1277:32 Expecting a top level declaration
e: file:///D:/CSE470%20Project/PixelPlayer/app/src/main/java/com/theveloper/pixelplay/presentation/screens/SettingsCategoryScreen.kt:1289:5 Expecting a top level declaration
e: file:///D:/CSE470%20Project/PixelPlayer/app/src/main/java/com/theveloper/pixelplay/presentation/screens/SettingsCategoryScreen.kt:1289:8 Expecting a top level declaration
e: file:///D:/CSE470%20Project/PixelPlayer/app/src/main/java/com/theveloper/pixelplay/presentation/screens/SettingsCategoryScreen.kt:1289:9 Expecting a top level declaration
e: file:///D:/CSE470%20Project/PixelPlayer/app/src/main/java/com/theveloper/pixelplay/presentation/screens/SettingsCategoryScreen.kt:1289:35 Expecting a top level declaration
e: file:///D:/CSE470%20Project/PixelPlayer/app/src/main/java/com/theveloper/pixelplay/presentation/screens/SettingsCategoryScreen.kt:1289:37 Expecting a top level declaration
e: file:///D:/CSE470%20Project/PixelPlayer/app/src/main/java/com/theveloper/pixelplay/presentation/screens/SettingsCategoryScreen.kt:1314:5 Expecting a top level declaration
e: file:///D:/CSE470%20Project/PixelPlayer/app/src/main/java/com/theveloper/pixelplay/presentation/screens/SettingsCategoryScreen.kt:1314:8 Expecting a top level declaration
e: file:///D:/CSE470%20Project/PixelPlayer/app/src/main/java/com/theveloper/pixelplay/presentation/screens/SettingsCategoryScreen.kt:1314:9 Expecting a top level declaration
e: file:///D:/CSE470%20Project/PixelPlayer/app/src/main/java/com/theveloper/pixelplay/presentation/screens/SettingsCategoryScreen.kt:1314:37 Expecting a top level declaration
e: file:///D:/CSE470%20Project/PixelPlayer/app/src/main/java/com/theveloper/pixelplay/presentation/screens/SettingsCategoryScreen.kt:1314:39 Expecting a top level declaration
e: file:///D:/CSE470%20Project/PixelPlayer/app/src/main/java/com/theveloper/pixelplay/presentation/screens/SettingsCategoryScreen.kt:1335:5 Expecting a top level declaration
e: file:///D:/CSE470%20Project/PixelPlayer/app/src/main/java/com/theveloper/pixelplay/presentation/screens/SettingsCategoryScreen.kt:1335:8 Expecting a top level declaration
e: file:///D:/CSE470%20Project/PixelPlayer/app/src/main/java/com/theveloper/pixelplay/presentation/screens/SettingsCategoryScreen.kt:1335:9 Expecting a top level declaration
e: file:///D:/CSE470%20Project/PixelPlayer/app/src/main/java/com/theveloper/pixelplay/presentation/screens/SettingsCategoryScreen.kt:1335:34 Expecting a top level declaration
e: file:///D:/CSE470%20Project/PixelPlayer/app/src/main/java/com/theveloper/pixelplay/presentation/screens/SettingsCategoryScreen.kt:1335:36 Expecting a top level declaration
e: file:///D:/CSE470%20Project/PixelPlayer/app/src/main/java/com/theveloper/pixelplay/presentation/screens/SettingsCategoryScreen.kt:1356:5 Expecting a top level declaration
e: file:///D:/CSE470%20Project/PixelPlayer/app/src/main/java/com/theveloper/pixelplay/presentation/screens/SettingsCategoryScreen.kt:1356:8 Expecting a top level declaration
e: file:///D:/CSE470%20Project/PixelPlayer/app/src/main/java/com/theveloper/pixelplay/presentation/screens/SettingsCategoryScreen.kt:1356:9 Expecting a top level declaration
e: file:///D:/CSE470%20Project/PixelPlayer/app/src/main/java/com/theveloper/pixelplay/presentation/screens/SettingsCategoryScreen.kt:1356:29 Expecting a top level declaration
e: file:///D:/CSE470%20Project/PixelPlayer/app/src/main/java/com/theveloper/pixelplay/presentation/screens/SettingsCategoryScreen.kt:1356:31 Expecting a top level declaration
e: file:///D:/CSE470%20Project/PixelPlayer/app/src/main/java/com/theveloper/pixelplay/presentation/screens/SettingsCategoryScreen.kt:1374:5 Expecting a top level declaration
e: file:///D:/CSE470%20Project/PixelPlayer/app/src/main/java/com/theveloper/pixelplay/presentation/screens/SettingsCategoryScreen.kt:1374:8 Expecting a top level declaration
e: file:///D:/CSE470%20Project/PixelPlayer/app/src/main/java/com/theveloper/pixelplay/presentation/screens/SettingsCategoryScreen.kt:1374:9 Expecting a top level declaration
e: file:///D:/CSE470%20Project/PixelPlayer/app/src/main/java/com/theveloper/pixelplay/presentation/screens/SettingsCategoryScreen.kt:1374:23 Expecting a top level declaration
e: file:///D:/CSE470%20Project/PixelPlayer/app/src/main/java/com/theveloper/pixelplay/presentation/screens/SettingsCategoryScreen.kt:1374:25 Expecting a top level declaration
e: file:///D:/CSE470%20Project/PixelPlayer/app/src/main/java/com/theveloper/pixelplay/presentation/screens/SettingsCategoryScreen.kt:1417:1 Expecting a top level declaration

FAILURE: Build failed with an exception.

* What went wrong:
Execution failed for task ':app:kspDebugKotlin'.
> A failure occurred while executing org.jetbrains.kotlin.compilerRunner.GradleCompilerRunnerWithWorkers$GradleKotlinCompilerWorkAction
   > Compilation error. See log for more details

* Try:
> Run with --stacktrace option to get the stack trace.
> Run with --info or --debug option to get more log output.
> Run with --scan to get full insights.
> Get more help at https://help.gradle.org.

BUILD FAILED in 6s
30 actionable tasks: 1 executed, 29 up-to-date
Configuration cache entry reused.
